
◆  Rendering p3 → /Users/aryanshaw/Documents/pracice/yap/spikes/02-parallel-render/out/p3-seq-w2-231309.mp4
   30fps · draft · 2 workers
   GPU: browser GPU (auto-detect)

[?25l│
◒  Checking browser[1G[J◇  Browser: cache
[?25h[INFO] [Render] Pipeline started {"renderJobId":"32429047-01d1-4336-a336-654e9a82a422","platform":"darwin","arch":"arm64","nodeVersion":"v26.7.0","fps":{"num":30,"den":1},"format":"mp4","quality":"draft","browserGpuMode":"auto","forceScreenshot":false,"protocolTimeout":300000,"browserTimeout":120000,"pageNavigationTimeout":60000,"playerReadyTimeout":45000}
[INFO] [Render:trace] {"renderJobId":"32429047-01d1-4336-a336-654e9a82a422","phase":"pipeline","status":"checkpoint","elapsedMs":2,"message":"started","format":"mp4","quality":"draft","browserGpuMode":"auto","forceScreenshot":false,"protocolTimeoutMs":300000,"pageNavigationTimeoutMs":60000,"playerReadyTimeoutMs":45000,"requestedWorkers":2}
[INFO] [Render:trace] {"renderJobId":"32429047-01d1-4336-a336-654e9a82a422","phase":"compile","status":"start","elapsedMs":3,"needsAlpha":false}
  █░░░░░░░░░░░░░░░░░░░░░░░░  5%  Compiling composition
[INFO] [Compiler] Fetched 11 font face(s) for "Montserrat" from Google Fonts (cached to /Users/aryanshaw/.cache/hyperframes/fonts/montserrat)
[INFO] [Compiler] Fetched 10 font face(s) for "JetBrains Mono" from Google Fonts (cached to /Users/aryanshaw/.cache/hyperframes/fonts/jetbrains-mono)
[INFO] [Compiler] Injected deterministic @font-face rules for 2 requested font families
[INFO] [Compiler] Inlined CDN script: https://cdn.jsdelivr.net/npm/gsap@3.14.2/dist/gsap.min.js
[INFO] Compiled composition metadata {"renderJobId":"32429047-01d1-4336-a336-654e9a82a422","entryFile":"index.html","staticDuration":26,"width":1920,"height":1080,"videoCount":0,"audioCount":0,"renderModeHints":{"recommendScreenshot":false,"reasons":[]}}
[INFO] [Render:trace] {"renderJobId":"32429047-01d1-4336-a336-654e9a82a422","phase":"compile","status":"end","elapsedMs":948,"durationMs":945,"needsAlpha":false}
[INFO] [Render:trace] {"renderJobId":"32429047-01d1-4336-a336-654e9a82a422","phase":"compile","status":"checkpoint","elapsedMs":949,"message":"composition metadata resolved","width":1920,"height":1080,"videoCount":0,"audioCount":0,"imageCount":0,"deviceScaleFactor":1,"forceScreenshot":false,"compositionHash":"a4962e2d8207a3cd"}
[INFO] [Render] Low-memory render profile active — screenshot capture, auto-worker calibration skipped. Override with --no-low-memory-mode or PRODUCER_LOW_MEMORY_MODE=false. {"renderJobId":"32429047-01d1-4336-a336-654e9a82a422","totalMemMb":8192,"thresholdMb":8192}
[INFO] [Render:trace] {"renderJobId":"32429047-01d1-4336-a336-654e9a82a422","phase":"browser_probe","status":"start","elapsedMs":949,"forceScreenshot":true,"stagePhase":"calibrating"}
[INFO] [Render:trace] {"renderJobId":"32429047-01d1-4336-a336-654e9a82a422","phase":"browser_probe","status":"end","elapsedMs":980,"durationMs":31,"forceScreenshot":true,"stagePhase":"calibrating"}
[INFO] [Render:trace] {"renderJobId":"32429047-01d1-4336-a336-654e9a82a422","phase":"browser_probe","status":"checkpoint","elapsedMs":981,"message":"duration resolved","durationSeconds":26,"totalFrames":780,"compositionHash":"a4962e2d8207a3cd","beginFrameStalled":false}
[INFO] [Render:trace] {"renderJobId":"32429047-01d1-4336-a336-654e9a82a422","phase":"video_extract","status":"start","elapsedMs":981,"videoCount":0}
  ██░░░░░░░░░░░░░░░░░░░░░░░  10%  Extracting video frames
[INFO] [Render:trace] {"renderJobId":"32429047-01d1-4336-a336-654e9a82a422","phase":"video_extract","status":"end","elapsedMs":981,"durationMs":0,"videoCount":0}
[INFO] [Render:trace] {"renderJobId":"32429047-01d1-4336-a336-654e9a82a422","phase":"video_extract","status":"checkpoint","elapsedMs":983,"message":"frames resolved","videoCount":0,"extractedVideoCount":0,"totalFramesExtracted":0,"maxFramesPerVideo":0,"avgFramesPerExtractedVideo":null,"vfrPreflightCount":null,"vfrPreflightMs":null,"cacheHits":null,"cacheMisses":null,"transientRetries":null,"minVideoFrameCoverageRatio":null,"authoredTimedClipCount":3}
[INFO] [Render] No HDR sources detected — rendering SDR {"renderJobId":"32429047-01d1-4336-a336-654e9a82a422"}
[INFO] [Render:trace] {"renderJobId":"32429047-01d1-4336-a336-654e9a82a422","phase":"hdr_detection","status":"checkpoint","elapsedMs":983,"message":"resolved","requestedHdrMode":"auto","effectiveHdr":"sdr","nativeHdrVideoCount":0,"nativeHdrImageCount":0}
[INFO] [Render:trace] {"renderJobId":"32429047-01d1-4336-a336-654e9a82a422","phase":"audio_process","status":"start","elapsedMs":983,"audioCount":0}
[INFO] [Render:trace] {"renderJobId":"32429047-01d1-4336-a336-654e9a82a422","phase":"audio_process","status":"end","elapsedMs":983,"durationMs":0,"audioCount":0}
  █████░░░░░░░░░░░░░░░░░░░░  20%  Processing audio tracks
[INFO] [Render:trace] {"renderJobId":"32429047-01d1-4336-a336-654e9a82a422","phase":"file_server","status":"start","elapsedMs":984,"reused":false}
  ██████░░░░░░░░░░░░░░░░░░░  25%  Starting frame capture
[INFO] [Render:trace] {"renderJobId":"32429047-01d1-4336-a336-654e9a82a422","phase":"file_server","status":"end","elapsedMs":994,"durationMs":10}
  ██████░░░░░░░░░░░░░░░░░░░  25%  Checking browser GPU
[hyperframes] browserGpuMode probe → hardware (WebGL renderer vendor="Google Inc. (Apple)" renderer="ANGLE (Apple, ANGLE Metal Renderer: Apple M3, Unspecified Version)")
[INFO] [Render:trace] {"renderJobId":"32429047-01d1-4336-a336-654e9a82a422","phase":"capture_calibration","status":"checkpoint","elapsedMs":1488,"message":"skipped","requestedWorkers":2,"totalFrames":780,"htmlInCanvasDetected":false,"lowMemoryMode":true,"deInversionEligible":false,"deParallelRouterEligible":false}
[INFO] [Render:trace] {"renderJobId":"32429047-01d1-4336-a336-654e9a82a422","phase":"worker_resolution","status":"checkpoint","elapsedMs":1488,"message":"resolved","workerCount":2}
[INFO] [Render] Fast capture: default-on drawElement disabled for this render — parallel capture has no runtime self-verification. Set PRODUCER_EXPERIMENTAL_FAST_CAPTURE=true to override. {"renderJobId":"32429047-01d1-4336-a336-654e9a82a422"}
[INFO] streaming-encode gate {"renderJobId":"32429047-01d1-4336-a336-654e9a82a422","enabled":false,"reason":"multi_worker","configFlag":true,"durationCapEnabled":false,"outputFormat":"mp4","workerCount":2,"durationSeconds":26,"maxDurationSeconds":240}
[INFO] [Render:trace] {"renderJobId":"32429047-01d1-4336-a336-654e9a82a422","phase":"capture_strategy","status":"checkpoint","elapsedMs":1488,"message":"resolved","workerCount":2,"forceScreenshot":true,"captureBeyondViewport":null,"useStreamingEncode":false,"useLayeredComposite":false,"usePageSideCompositing":false,"hasHdrContent":false,"hasShaderTransitions":false,"isPngSequence":false}
[INFO] [Render:trace] {"renderJobId":"32429047-01d1-4336-a336-654e9a82a422","phase":"capture_disk","status":"start","elapsedMs":1488,"stagePhase":"capturing","needsAlpha":false,"workerCount":2,"forceScreenshot":true,"totalFrames":780,"framesCompleted":0,"captureMode":"screenshot","captureOperation":"captureScreenshot"}
  ██████░░░░░░░░░░░░░░░░░░░  25%  Starting browsers (0/2 ready)
[BrowserManager] Browser launched (HeadlessChrome/152.0.7977.30, screenshot, gl=--use-gl=angle --use-angle=metal, headlessShell=true, platform=darwin)
[initSession:screenshot] page.goto start (0ms)
[initSession:screenshot] page.goto start (0ms)
[HyperFrames] render runtime fps {"canonicalFps":30,"source":"render-options","rawFpsSource":"render-options","rawFps":30}
[HyperFrames] render runtime fps {"canonicalFps":30,"source":"render-options","rawFpsSource":"render-options","rawFps":30}
[initSession:screenshot] page.goto complete (273ms)
[initSession:screenshot] page.goto complete (274ms)
[initSession:screenshot] GSAP proxy flush complete (288ms)
[initSession:screenshot] GSAP proxy flush complete (288ms)
[initSession:screenshot] pollHfReady complete (288ms)
[initSession:screenshot] pollHfReady complete (289ms)
[initSession:screenshot] pollSubCompositionTimelines complete (ready) (290ms)
[initSession:screenshot] applyVideoMetadataHints complete (290ms)
[initSession:screenshot] pollSubCompositionTimelines complete (ready) (291ms)
[initSession:screenshot] applyVideoMetadataHints complete (291ms)
[initSession:screenshot] media + fonts + tailwind ready (292ms)
[initSession:screenshot] media + fonts + tailwind ready (292ms)
[initSession:screenshot] static-frame dedup: disabled (eligible) (297ms)
[initSession:screenshot] static-frame dedup: disabled (eligible) (297ms)
  ██████░░░░░░░░░░░░░░░░░░░  25%  Starting browsers (1/2 ready)
  ██████░░░░░░░░░░░░░░░░░░░  25%  Capturing frame 1/780 (2 workers)
  ██████░░░░░░░░░░░░░░░░░░░  26%  Capturing frame 12/780 (2 workers)
  ██████░░░░░░░░░░░░░░░░░░░  26%  Capturing frame 24/780 (2 workers)
  ██████░░░░░░░░░░░░░░░░░░░  27%  Capturing frame 35/780 (2 workers)
  ███████░░░░░░░░░░░░░░░░░░  28%  Capturing frame 45/780 (2 workers)
  ███████░░░░░░░░░░░░░░░░░░  28%  Capturing frame 57/780 (2 workers)
  ███████░░░░░░░░░░░░░░░░░░  29%  Capturing frame 69/780 (2 workers)
  ███████░░░░░░░░░░░░░░░░░░  30%  Capturing frame 81/780 (2 workers)
  ███████░░░░░░░░░░░░░░░░░░  30%  Capturing frame 93/780 (2 workers)
  ███████░░░░░░░░░░░░░░░░░░  31%  Capturing frame 104/780 (2 workers)
  ████████░░░░░░░░░░░░░░░░░  32%  Capturing frame 115/780 (2 workers)
  ████████░░░░░░░░░░░░░░░░░  32%  Capturing frame 127/780 (2 workers)
  ████████░░░░░░░░░░░░░░░░░  33%  Capturing frame 139/780 (2 workers)
  ████████░░░░░░░░░░░░░░░░░  34%  Capturing frame 151/780 (2 workers)
  ████████░░░░░░░░░░░░░░░░░  34%  Capturing frame 164/780 (2 workers)
  ████████░░░░░░░░░░░░░░░░░  35%  Capturing frame 177/780 (2 workers)
  █████████░░░░░░░░░░░░░░░░  36%  Capturing frame 188/780 (2 workers)
  █████████░░░░░░░░░░░░░░░░  36%  Capturing frame 199/780 (2 workers)
  █████████░░░░░░░░░░░░░░░░  37%  Capturing frame 210/780 (2 workers)
  █████████░░░░░░░░░░░░░░░░  38%  Capturing frame 222/780 (2 workers)
  █████████░░░░░░░░░░░░░░░░  39%  Capturing frame 234/780 (2 workers)
  █████████░░░░░░░░░░░░░░░░  39%  Capturing frame 244/780 (2 workers)
  ██████████░░░░░░░░░░░░░░░  40%  Capturing frame 255/780 (2 workers)
  ██████████░░░░░░░░░░░░░░░  40%  Capturing frame 267/780 (2 workers)
  ██████████░░░░░░░░░░░░░░░  41%  Capturing frame 279/780 (2 workers)
  ██████████░░░░░░░░░░░░░░░  42%  Capturing frame 291/780 (2 workers)
  ██████████░░░░░░░░░░░░░░░  42%  Capturing frame 303/780 (2 workers)
  ██████████░░░░░░░░░░░░░░░  43%  Capturing frame 315/780 (2 workers)
  ███████████░░░░░░░░░░░░░░  44%  Capturing frame 326/780 (2 workers)
  ███████████░░░░░░░░░░░░░░  45%  Capturing frame 338/780 (2 workers)
  ███████████░░░░░░░░░░░░░░  45%  Capturing frame 350/780 (2 workers)
  ███████████░░░░░░░░░░░░░░  46%  Capturing frame 362/780 (2 workers)
  ███████████░░░░░░░░░░░░░░  47%  Capturing frame 374/780 (2 workers)
  ███████████░░░░░░░░░░░░░░  47%  Capturing frame 386/780 (2 workers)
  ████████████░░░░░░░░░░░░░  48%  Capturing frame 398/780 (2 workers)
  ████████████░░░░░░░░░░░░░  49%  Capturing frame 410/780 (2 workers)
  ████████████░░░░░░░░░░░░░  49%  Capturing frame 423/780 (2 workers)
  ████████████░░░░░░░░░░░░░  50%  Capturing frame 435/780 (2 workers)
  ████████████░░░░░░░░░░░░░  51%  Capturing frame 447/780 (2 workers)
  ████████████░░░░░░░░░░░░░  51%  Capturing frame 459/780 (2 workers)
  █████████████░░░░░░░░░░░░  52%  Capturing frame 471/780 (2 workers)
  █████████████░░░░░░░░░░░░  53%  Capturing frame 484/780 (2 workers)
  █████████████░░░░░░░░░░░░  54%  Capturing frame 497/780 (2 workers)
  █████████████░░░░░░░░░░░░  54%  Capturing frame 509/780 (2 workers)
  █████████████░░░░░░░░░░░░  55%  Capturing frame 522/780 (2 workers)
  ██████████████░░░░░░░░░░░  56%  Capturing frame 533/780 (2 workers)
  ██████████████░░░░░░░░░░░  56%  Capturing frame 543/780 (2 workers)
  ██████████████░░░░░░░░░░░  57%  Capturing frame 555/780 (2 workers)
  ██████████████░░░░░░░░░░░  58%  Capturing frame 568/780 (2 workers)
  ██████████████░░░░░░░░░░░  58%  Capturing frame 580/780 (2 workers)
  ██████████████░░░░░░░░░░░  59%  Capturing frame 592/780 (2 workers)
  ███████████████░░░░░░░░░░  60%  Capturing frame 604/780 (2 workers)
  ███████████████░░░░░░░░░░  61%  Capturing frame 616/780 (2 workers)
  ███████████████░░░░░░░░░░  61%  Capturing frame 627/780 (2 workers)
  ███████████████░░░░░░░░░░  62%  Capturing frame 637/780 (2 workers)
  ███████████████░░░░░░░░░░  62%  Capturing frame 648/780 (2 workers)
  ███████████████░░░░░░░░░░  63%  Capturing frame 658/780 (2 workers)
  ████████████████░░░░░░░░░  64%  Capturing frame 668/780 (2 workers)
  ████████████████░░░░░░░░░  64%  Capturing frame 679/780 (2 workers)
  ████████████████░░░░░░░░░  65%  Capturing frame 690/780 (2 workers)
  ████████████████░░░░░░░░░  65%  Capturing frame 700/780 (2 workers)
  ████████████████░░░░░░░░░  66%  Capturing frame 710/780 (2 workers)
  ████████████████░░░░░░░░░  67%  Capturing frame 721/780 (2 workers)
  ████████████████░░░░░░░░░  67%  Capturing frame 731/780 (2 workers)
  █████████████████░░░░░░░░  68%  Capturing frame 741/780 (2 workers)
  █████████████████░░░░░░░░  68%  Capturing frame 752/780 (2 workers)
  █████████████████░░░░░░░░  69%  Capturing frame 762/780 (2 workers)
  █████████████████░░░░░░░░  70%  Capturing frame 772/780 (2 workers)
  █████████████████░░░░░░░░  70%  Capturing frame 778/780 (2 workers)
  █████████████████░░░░░░░░  70%  Capturing frame 780/780 (2 workers)
[INFO] [Render:trace] {"renderJobId":"32429047-01d1-4336-a336-654e9a82a422","phase":"capture_disk","status":"end","elapsedMs":19761,"durationMs":18273,"stagePhase":"capturing","needsAlpha":false,"workerCount":2,"forceScreenshot":true,"totalFrames":780,"framesCompleted":780,"captureMode":"screenshot","captureOperation":"encode"}
[INFO] [Render:trace] {"renderJobId":"32429047-01d1-4336-a336-654e9a82a422","phase":"encode","status":"start","elapsedMs":19766,"stagePhase":"capturing","hasAudio":false,"isPngSequence":false,"isGif":false,"chunkedEncode":false,"workerCount":2,"forceScreenshot":true,"totalFrames":780,"framesCompleted":780,"captureMode":"screenshot","captureOperation":"encode"}
  ██████████████████░░░░░░░  75%  Encoding video
[INFO] [Render:trace] {"renderJobId":"32429047-01d1-4336-a336-654e9a82a422","phase":"encode","status":"end","elapsedMs":24568,"durationMs":4802,"stagePhase":"capturing","hasAudio":false,"isPngSequence":false,"isGif":false,"chunkedEncode":false,"workerCount":2,"forceScreenshot":true,"totalFrames":780,"framesCompleted":780,"captureMode":"screenshot","captureOperation":"encode"}
[INFO] [Render:trace] {"renderJobId":"32429047-01d1-4336-a336-654e9a82a422","phase":"assemble","status":"start","elapsedMs":24569,"stagePhase":"capturing","hasAudio":false,"workerCount":2,"forceScreenshot":true,"totalFrames":780,"framesCompleted":780,"captureMode":"screenshot","captureOperation":"encode"}
  ██████████████████████░░░  90%  Assembling final video
[INFO] [Render:trace] {"renderJobId":"32429047-01d1-4336-a336-654e9a82a422","phase":"assemble","status":"end","elapsedMs":24598,"durationMs":29,"stagePhase":"capturing","hasAudio":false,"workerCount":2,"forceScreenshot":true,"totalFrames":780,"framesCompleted":780,"captureMode":"screenshot","captureOperation":"encode"}
[INFO] [Render:trace] {"renderJobId":"32429047-01d1-4336-a336-654e9a82a422","phase":"pipeline","status":"checkpoint","elapsedMs":25421,"message":"artifact validated","totalElapsedMs":25416}
  █████████████████████████  100%  Render complete

◇  /Users/aryanshaw/Documents/pracice/yap/spikes/02-parallel-render/out/p3-seq-w2-231309.mp4
   3.5 MB · 26.0s video · rendered in 25.5s
   screenshot capture · hardware gpu · compile 1.0s · extract 0.0s · audio 0.0s · probe 0.0s · setup 0.5s · capture 18.3s · encode 4.8s · assemble 0.0s
