
◆  Rendering p2 → /Users/aryanshaw/Documents/pracice/yap/spikes/02-parallel-render/out/p2-par-w2-231431.mp4
   30fps · draft · 2 workers
   GPU: browser GPU (auto-detect)

[?25l│
◒  Checking browser[1G[J◇  Browser: cache
[?25h[INFO] [Render] Pipeline started {"renderJobId":"f295379c-d277-4cad-8ad5-070e4a4cb922","platform":"darwin","arch":"arm64","nodeVersion":"v26.7.0","fps":{"num":30,"den":1},"format":"mp4","quality":"draft","browserGpuMode":"auto","forceScreenshot":false,"protocolTimeout":300000,"browserTimeout":120000,"pageNavigationTimeout":60000,"playerReadyTimeout":45000}
[INFO] [Render:trace] {"renderJobId":"f295379c-d277-4cad-8ad5-070e4a4cb922","phase":"pipeline","status":"checkpoint","elapsedMs":2,"message":"started","format":"mp4","quality":"draft","browserGpuMode":"auto","forceScreenshot":false,"protocolTimeoutMs":300000,"pageNavigationTimeoutMs":60000,"playerReadyTimeoutMs":45000,"requestedWorkers":2}
[INFO] [Render:trace] {"renderJobId":"f295379c-d277-4cad-8ad5-070e4a4cb922","phase":"compile","status":"start","elapsedMs":3,"needsAlpha":false}
  █░░░░░░░░░░░░░░░░░░░░░░░░  5%  Compiling composition
[INFO] [Compiler] Fetched 11 font face(s) for "Montserrat" from Google Fonts (cached to /Users/aryanshaw/.cache/hyperframes/fonts/montserrat)
[INFO] [Compiler] Fetched 10 font face(s) for "JetBrains Mono" from Google Fonts (cached to /Users/aryanshaw/.cache/hyperframes/fonts/jetbrains-mono)
[INFO] [Compiler] Injected deterministic @font-face rules for 2 requested font families
[INFO] [Compiler] Inlined CDN script: https://cdn.jsdelivr.net/npm/gsap@3.14.2/dist/gsap.min.js
[INFO] Compiled composition metadata {"renderJobId":"f295379c-d277-4cad-8ad5-070e4a4cb922","entryFile":"index.html","staticDuration":28,"width":1920,"height":1080,"videoCount":0,"audioCount":0,"renderModeHints":{"recommendScreenshot":false,"reasons":[]}}
[INFO] [Render:trace] {"renderJobId":"f295379c-d277-4cad-8ad5-070e4a4cb922","phase":"compile","status":"end","elapsedMs":737,"durationMs":734,"needsAlpha":false}
[INFO] [Render:trace] {"renderJobId":"f295379c-d277-4cad-8ad5-070e4a4cb922","phase":"compile","status":"checkpoint","elapsedMs":738,"message":"composition metadata resolved","width":1920,"height":1080,"videoCount":0,"audioCount":0,"imageCount":0,"deviceScaleFactor":1,"forceScreenshot":false,"compositionHash":"c0d712d6c66c3e25"}
[INFO] [Render] Low-memory render profile active — screenshot capture, auto-worker calibration skipped. Override with --no-low-memory-mode or PRODUCER_LOW_MEMORY_MODE=false. {"renderJobId":"f295379c-d277-4cad-8ad5-070e4a4cb922","totalMemMb":8192,"thresholdMb":8192}
[INFO] [Render:trace] {"renderJobId":"f295379c-d277-4cad-8ad5-070e4a4cb922","phase":"browser_probe","status":"start","elapsedMs":738,"forceScreenshot":true,"stagePhase":"calibrating"}
[INFO] [Render:trace] {"renderJobId":"f295379c-d277-4cad-8ad5-070e4a4cb922","phase":"browser_probe","status":"end","elapsedMs":772,"durationMs":34,"forceScreenshot":true,"stagePhase":"calibrating"}
[INFO] [Render:trace] {"renderJobId":"f295379c-d277-4cad-8ad5-070e4a4cb922","phase":"browser_probe","status":"checkpoint","elapsedMs":773,"message":"duration resolved","durationSeconds":28,"totalFrames":840,"compositionHash":"c0d712d6c66c3e25","beginFrameStalled":false}
[INFO] [Render:trace] {"renderJobId":"f295379c-d277-4cad-8ad5-070e4a4cb922","phase":"video_extract","status":"start","elapsedMs":773,"videoCount":0}
  ██░░░░░░░░░░░░░░░░░░░░░░░  10%  Extracting video frames
[INFO] [Render:trace] {"renderJobId":"f295379c-d277-4cad-8ad5-070e4a4cb922","phase":"video_extract","status":"end","elapsedMs":774,"durationMs":1,"videoCount":0}
[INFO] [Render:trace] {"renderJobId":"f295379c-d277-4cad-8ad5-070e4a4cb922","phase":"video_extract","status":"checkpoint","elapsedMs":775,"message":"frames resolved","videoCount":0,"extractedVideoCount":0,"totalFramesExtracted":0,"maxFramesPerVideo":0,"avgFramesPerExtractedVideo":null,"vfrPreflightCount":null,"vfrPreflightMs":null,"cacheHits":null,"cacheMisses":null,"transientRetries":null,"minVideoFrameCoverageRatio":null,"authoredTimedClipCount":3}
[INFO] [Render] No HDR sources detected — rendering SDR {"renderJobId":"f295379c-d277-4cad-8ad5-070e4a4cb922"}
[INFO] [Render:trace] {"renderJobId":"f295379c-d277-4cad-8ad5-070e4a4cb922","phase":"hdr_detection","status":"checkpoint","elapsedMs":776,"message":"resolved","requestedHdrMode":"auto","effectiveHdr":"sdr","nativeHdrVideoCount":0,"nativeHdrImageCount":0}
[INFO] [Render:trace] {"renderJobId":"f295379c-d277-4cad-8ad5-070e4a4cb922","phase":"audio_process","status":"start","elapsedMs":776,"audioCount":0}
[INFO] [Render:trace] {"renderJobId":"f295379c-d277-4cad-8ad5-070e4a4cb922","phase":"audio_process","status":"end","elapsedMs":776,"durationMs":0,"audioCount":0}
  █████░░░░░░░░░░░░░░░░░░░░  20%  Processing audio tracks
[INFO] [Render:trace] {"renderJobId":"f295379c-d277-4cad-8ad5-070e4a4cb922","phase":"file_server","status":"start","elapsedMs":776,"reused":false}
  ██████░░░░░░░░░░░░░░░░░░░  25%  Starting frame capture
[INFO] [Render:trace] {"renderJobId":"f295379c-d277-4cad-8ad5-070e4a4cb922","phase":"file_server","status":"end","elapsedMs":779,"durationMs":3}
  ██████░░░░░░░░░░░░░░░░░░░  25%  Checking browser GPU
[hyperframes] browserGpuMode probe → hardware (WebGL renderer vendor="Google Inc. (Apple)" renderer="ANGLE (Apple, ANGLE Metal Renderer: Apple M3, Unspecified Version)")
[INFO] [Render:trace] {"renderJobId":"f295379c-d277-4cad-8ad5-070e4a4cb922","phase":"capture_calibration","status":"checkpoint","elapsedMs":1500,"message":"skipped","requestedWorkers":2,"totalFrames":840,"htmlInCanvasDetected":false,"lowMemoryMode":true,"deInversionEligible":false,"deParallelRouterEligible":false}
[INFO] [Render:trace] {"renderJobId":"f295379c-d277-4cad-8ad5-070e4a4cb922","phase":"worker_resolution","status":"checkpoint","elapsedMs":1500,"message":"resolved","workerCount":2}
[INFO] [Render] Fast capture: default-on drawElement disabled for this render — parallel capture has no runtime self-verification. Set PRODUCER_EXPERIMENTAL_FAST_CAPTURE=true to override. {"renderJobId":"f295379c-d277-4cad-8ad5-070e4a4cb922"}
[INFO] streaming-encode gate {"renderJobId":"f295379c-d277-4cad-8ad5-070e4a4cb922","enabled":false,"reason":"multi_worker","configFlag":true,"durationCapEnabled":false,"outputFormat":"mp4","workerCount":2,"durationSeconds":28,"maxDurationSeconds":240}
[INFO] [Render:trace] {"renderJobId":"f295379c-d277-4cad-8ad5-070e4a4cb922","phase":"capture_strategy","status":"checkpoint","elapsedMs":1501,"message":"resolved","workerCount":2,"forceScreenshot":true,"captureBeyondViewport":null,"useStreamingEncode":false,"useLayeredComposite":false,"usePageSideCompositing":false,"hasHdrContent":false,"hasShaderTransitions":false,"isPngSequence":false}
[INFO] [Render:trace] {"renderJobId":"f295379c-d277-4cad-8ad5-070e4a4cb922","phase":"capture_disk","status":"start","elapsedMs":1501,"stagePhase":"capturing","needsAlpha":false,"workerCount":2,"forceScreenshot":true,"totalFrames":840,"framesCompleted":0,"captureMode":"screenshot","captureOperation":"captureScreenshot"}
  ██████░░░░░░░░░░░░░░░░░░░  25%  Starting browsers (0/2 ready)
[BrowserManager] Browser launched (HeadlessChrome/152.0.7977.30, screenshot, gl=--use-gl=angle --use-angle=metal, headlessShell=true, platform=darwin)
[initSession:screenshot] page.goto start (1ms)
  ██████░░░░░░░░░░░░░░░░░░░  25%  Starting browsers (0/2 ready)
[initSession:screenshot] page.goto start (0ms)
[HyperFrames] render runtime fps {"canonicalFps":30,"source":"render-options","rawFpsSource":"render-options","rawFps":30}
[HyperFrames] render runtime fps {"canonicalFps":30,"source":"render-options","rawFpsSource":"render-options","rawFps":30}
[initSession:screenshot] page.goto complete (479ms)
[initSession:screenshot] page.goto complete (442ms)
[initSession:screenshot] GSAP proxy flush complete (496ms)
[initSession:screenshot] pollHfReady complete (501ms)
[initSession:screenshot] GSAP proxy flush complete (450ms)
[initSession:screenshot] pollHfReady complete (452ms)
[initSession:screenshot] pollSubCompositionTimelines complete (ready) (507ms)
[initSession:screenshot] applyVideoMetadataHints complete (509ms)
[initSession:screenshot] pollSubCompositionTimelines complete (ready) (458ms)
[initSession:screenshot] applyVideoMetadataHints complete (459ms)
[initSession:screenshot] media + fonts + tailwind ready (515ms)
[initSession:screenshot] media + fonts + tailwind ready (462ms)
[initSession:screenshot] static-frame dedup: disabled (eligible) (524ms)
[initSession:screenshot] static-frame dedup: disabled (eligible) (472ms)
  ██████░░░░░░░░░░░░░░░░░░░  25%  Starting browsers (1/2 ready)
  ██████░░░░░░░░░░░░░░░░░░░  25%  Capturing frame 1/840 (2 workers)
  ██████░░░░░░░░░░░░░░░░░░░  26%  Capturing frame 10/840 (2 workers)
  ██████░░░░░░░░░░░░░░░░░░░  26%  Capturing frame 21/840 (2 workers)
  ██████░░░░░░░░░░░░░░░░░░░  27%  Capturing frame 32/840 (2 workers)
  ██████░░░░░░░░░░░░░░░░░░░  27%  Capturing frame 43/840 (2 workers)
  ███████░░░░░░░░░░░░░░░░░░  28%  Capturing frame 54/840 (2 workers)
  ███████░░░░░░░░░░░░░░░░░░  28%  Capturing frame 65/840 (2 workers)
  ███████░░░░░░░░░░░░░░░░░░  29%  Capturing frame 75/840 (2 workers)
  ███████░░░░░░░░░░░░░░░░░░  30%  Capturing frame 85/840 (2 workers)
  ███████░░░░░░░░░░░░░░░░░░  30%  Capturing frame 96/840 (2 workers)
  ███████░░░░░░░░░░░░░░░░░░  31%  Capturing frame 106/840 (2 workers)
  ███████░░░░░░░░░░░░░░░░░░  31%  Capturing frame 117/840 (2 workers)
  ████████░░░░░░░░░░░░░░░░░  32%  Capturing frame 127/840 (2 workers)
  ████████░░░░░░░░░░░░░░░░░  32%  Capturing frame 137/840 (2 workers)
  ████████░░░░░░░░░░░░░░░░░  33%  Capturing frame 147/840 (2 workers)
  ████████░░░░░░░░░░░░░░░░░  33%  Capturing frame 157/840 (2 workers)
  ████████░░░░░░░░░░░░░░░░░  34%  Capturing frame 168/840 (2 workers)
  ████████░░░░░░░░░░░░░░░░░  35%  Capturing frame 179/840 (2 workers)
  ████████░░░░░░░░░░░░░░░░░  35%  Capturing frame 190/840 (2 workers)
  █████████░░░░░░░░░░░░░░░░  36%  Capturing frame 201/840 (2 workers)
  █████████░░░░░░░░░░░░░░░░  36%  Capturing frame 211/840 (2 workers)
  █████████░░░░░░░░░░░░░░░░  37%  Capturing frame 223/840 (2 workers)
  █████████░░░░░░░░░░░░░░░░  37%  Capturing frame 233/840 (2 workers)
  █████████░░░░░░░░░░░░░░░░  38%  Capturing frame 244/840 (2 workers)
  █████████░░░░░░░░░░░░░░░░  39%  Capturing frame 254/840 (2 workers)
  █████████░░░░░░░░░░░░░░░░  39%  Capturing frame 264/840 (2 workers)
  ██████████░░░░░░░░░░░░░░░  40%  Capturing frame 275/840 (2 workers)
  ██████████░░░░░░░░░░░░░░░  40%  Capturing frame 285/840 (2 workers)
  ██████████░░░░░░░░░░░░░░░  41%  Capturing frame 296/840 (2 workers)
  ██████████░░░░░░░░░░░░░░░  41%  Capturing frame 307/840 (2 workers)
  ██████████░░░░░░░░░░░░░░░  42%  Capturing frame 317/840 (2 workers)
  ██████████░░░░░░░░░░░░░░░  43%  Capturing frame 328/840 (2 workers)
  ██████████░░░░░░░░░░░░░░░  43%  Capturing frame 339/840 (2 workers)
  ███████████░░░░░░░░░░░░░░  44%  Capturing frame 349/840 (2 workers)
  ███████████░░░░░░░░░░░░░░  44%  Capturing frame 360/840 (2 workers)
  ███████████░░░░░░░░░░░░░░  45%  Capturing frame 370/840 (2 workers)
  ███████████░░░░░░░░░░░░░░  45%  Capturing frame 381/840 (2 workers)
  ███████████░░░░░░░░░░░░░░  46%  Capturing frame 392/840 (2 workers)
  ███████████░░░░░░░░░░░░░░  47%  Capturing frame 403/840 (2 workers)
  ███████████░░░░░░░░░░░░░░  47%  Capturing frame 414/840 (2 workers)
  ████████████░░░░░░░░░░░░░  48%  Capturing frame 424/840 (2 workers)
  ████████████░░░░░░░░░░░░░  48%  Capturing frame 435/840 (2 workers)
  ████████████░░░░░░░░░░░░░  49%  Capturing frame 445/840 (2 workers)
  ████████████░░░░░░░░░░░░░  49%  Capturing frame 455/840 (2 workers)
  ████████████░░░░░░░░░░░░░  50%  Capturing frame 466/840 (2 workers)
  ████████████░░░░░░░░░░░░░  51%  Capturing frame 476/840 (2 workers)
  ████████████░░░░░░░░░░░░░  51%  Capturing frame 486/840 (2 workers)
  █████████████░░░░░░░░░░░░  52%  Capturing frame 497/840 (2 workers)
  █████████████░░░░░░░░░░░░  52%  Capturing frame 507/840 (2 workers)
  █████████████░░░░░░░░░░░░  53%  Capturing frame 517/840 (2 workers)
  █████████████░░░░░░░░░░░░  53%  Capturing frame 527/840 (2 workers)
  █████████████░░░░░░░░░░░░  54%  Capturing frame 536/840 (2 workers)
  █████████████░░░░░░░░░░░░  54%  Capturing frame 547/840 (2 workers)
  █████████████░░░░░░░░░░░░  55%  Capturing frame 557/840 (2 workers)
  █████████████░░░░░░░░░░░░  55%  Capturing frame 568/840 (2 workers)
  ██████████████░░░░░░░░░░░  56%  Capturing frame 579/840 (2 workers)
  ██████████████░░░░░░░░░░░  57%  Capturing frame 590/840 (2 workers)
  ██████████████░░░░░░░░░░░  57%  Capturing frame 600/840 (2 workers)
  ██████████████░░░░░░░░░░░  58%  Capturing frame 610/840 (2 workers)
  ██████████████░░░░░░░░░░░  58%  Capturing frame 620/840 (2 workers)
  ██████████████░░░░░░░░░░░  59%  Capturing frame 630/840 (2 workers)
  ██████████████░░░░░░░░░░░  59%  Capturing frame 640/840 (2 workers)
  ███████████████░░░░░░░░░░  60%  Capturing frame 651/840 (2 workers)
  ███████████████░░░░░░░░░░  60%  Capturing frame 661/840 (2 workers)
  ███████████████░░░░░░░░░░  61%  Capturing frame 671/840 (2 workers)
  ███████████████░░░░░░░░░░  62%  Capturing frame 682/840 (2 workers)
  ███████████████░░░░░░░░░░  62%  Capturing frame 693/840 (2 workers)
  ███████████████░░░░░░░░░░  63%  Capturing frame 702/840 (2 workers)
  ███████████████░░░░░░░░░░  63%  Capturing frame 712/840 (2 workers)
  ████████████████░░░░░░░░░  64%  Capturing frame 723/840 (2 workers)
  ████████████████░░░░░░░░░  64%  Capturing frame 734/840 (2 workers)
  ████████████████░░░░░░░░░  65%  Capturing frame 744/840 (2 workers)
  ████████████████░░░░░░░░░  65%  Capturing frame 755/840 (2 workers)
  ████████████████░░░░░░░░░  66%  Capturing frame 765/840 (2 workers)
  ████████████████░░░░░░░░░  67%  Capturing frame 776/840 (2 workers)
  ████████████████░░░░░░░░░  67%  Capturing frame 786/840 (2 workers)
  █████████████████░░░░░░░░  68%  Capturing frame 796/840 (2 workers)
  █████████████████░░░░░░░░  68%  Capturing frame 807/840 (2 workers)
  █████████████████░░░░░░░░  69%  Capturing frame 817/840 (2 workers)
  █████████████████░░░░░░░░  69%  Capturing frame 828/840 (2 workers)
  █████████████████░░░░░░░░  70%  Capturing frame 837/840 (2 workers)
  █████████████████░░░░░░░░  70%  Capturing frame 840/840 (2 workers)
[INFO] [Render:trace] {"renderJobId":"f295379c-d277-4cad-8ad5-070e4a4cb922","phase":"capture_disk","status":"end","elapsedMs":23747,"durationMs":22246,"stagePhase":"capturing","needsAlpha":false,"workerCount":2,"forceScreenshot":true,"totalFrames":840,"framesCompleted":840,"captureMode":"screenshot","captureOperation":"encode"}
[INFO] [Render:trace] {"renderJobId":"f295379c-d277-4cad-8ad5-070e4a4cb922","phase":"encode","status":"start","elapsedMs":23747,"stagePhase":"capturing","hasAudio":false,"isPngSequence":false,"isGif":false,"chunkedEncode":false,"workerCount":2,"forceScreenshot":true,"totalFrames":840,"framesCompleted":840,"captureMode":"screenshot","captureOperation":"encode"}
  ██████████████████░░░░░░░  75%  Encoding video
[INFO] [Render:trace] {"renderJobId":"f295379c-d277-4cad-8ad5-070e4a4cb922","phase":"encode","status":"end","elapsedMs":31552,"durationMs":7805,"stagePhase":"capturing","hasAudio":false,"isPngSequence":false,"isGif":false,"chunkedEncode":false,"workerCount":2,"forceScreenshot":true,"totalFrames":840,"framesCompleted":840,"captureMode":"screenshot","captureOperation":"encode"}
[INFO] [Render:trace] {"renderJobId":"f295379c-d277-4cad-8ad5-070e4a4cb922","phase":"assemble","status":"start","elapsedMs":31553,"stagePhase":"capturing","hasAudio":false,"workerCount":2,"forceScreenshot":true,"totalFrames":840,"framesCompleted":840,"captureMode":"screenshot","captureOperation":"encode"}
  ██████████████████████░░░  90%  Assembling final video
[INFO] [Render:trace] {"renderJobId":"f295379c-d277-4cad-8ad5-070e4a4cb922","phase":"assemble","status":"end","elapsedMs":31567,"durationMs":14,"stagePhase":"capturing","hasAudio":false,"workerCount":2,"forceScreenshot":true,"totalFrames":840,"framesCompleted":840,"captureMode":"screenshot","captureOperation":"encode"}
[INFO] [Render:trace] {"renderJobId":"f295379c-d277-4cad-8ad5-070e4a4cb922","phase":"pipeline","status":"checkpoint","elapsedMs":31617,"message":"artifact validated","totalElapsedMs":31613}
  █████████████████████████  100%  Render complete

◇  /Users/aryanshaw/Documents/pracice/yap/spikes/02-parallel-render/out/p2-par-w2-231431.mp4
   4.2 MB · 28.0s video · rendered in 31.7s
   screenshot capture · hardware gpu · compile 0.8s · extract 0.0s · audio 0.0s · probe 0.0s · setup 0.7s · capture 22.2s · encode 7.8s · assemble 0.0s
